Archive member included to satisfy reference by file (symbol)

./build/open_esplibs_libmain.a(user_interface.o)
                              (--whole-archive)
./build/open_esplibs_libmain.a(spi_flash.o)
                              (--whole-archive)
./build/open_esplibs_libmain.a(os_cpu_a.o)
                              (--whole-archive)
./build/open_esplibs_libmain.a(uart.o)
                              (--whole-archive)
./build/open_esplibs_libmain.a(misc.o)
                              (--whole-archive)
./build/open_esplibs_libmain.a(timers.o)
                              (--whole-archive)
./build/open_esplibs_libmain.a(xtensa_context.o)
                              (--whole-archive)
./build/open_esplibs_libnet80211.a(ieee80211_hostap.o)
                              (--whole-archive)
./build/open_esplibs_libnet80211.a(wl_cnx.o)
                              (--whole-archive)
./build/open_esplibs_libnet80211.a(ieee80211_ets.o)
                              (--whole-archive)
./build/open_esplibs_libnet80211.a(ieee80211_input.o)
                              (--whole-archive)
./build/open_esplibs_libnet80211.a(ieee80211_sta.o)
                              (--whole-archive)
./build/open_esplibs_libphy.a(phy_chip_v6.o)
                              (--whole-archive)
./build/open_esplibs_libphy.a(phy.o)
                              (--whole-archive)
./build/open_esplibs_libphy.a(phy_sleep.o)
                              (--whole-archive)
./build/open_esplibs_libpp.a(pm.o)
                              (--whole-archive)
./build/open_esplibs_libpp.a(if_hwctrl.o)
                              (--whole-archive)
./build/open_esplibs_libpp.a(pp.o)
                              (--whole-archive)
./build/open_esplibs_libpp.a(esf_buf.o)
                              (--whole-archive)
./build/open_esplibs_libpp.a(lmac.o)
                              (--whole-archive)
./build/open_esplibs_libpp.a(wdev.o)
                              (--whole-archive)
./build/open_esplibs_libwpa.a(os_xtensa.o)
                              (--whole-archive)
./build/open_esplibs_libwpa.a(wpa_main.o)
                              (--whole-archive)
./build/freertos.a(tasks.o)   ./build/open_esplibs_libmain.a(os_cpu_a.o) (pxCurrentTCB)
./build/freertos.a(timers.o)  ./build/freertos.a(tasks.o) (xTimerCreateTimerTask)
./build/freertos.a(port.o)    ./build/freertos.a(tasks.o) (pxPortInitialiseStack)
./build/freertos.a(queue.o)   ./build/freertos.a(timers.o) (xQueueGenericCreate)
./build/freertos.a(list.o)    ./build/freertos.a(tasks.o) (vListInitialise)
./build/lwip.a(esp_interface.o)
                              ./build/open_esplibs_libnet80211.a(ieee80211_sta.o) (ethernetif_init)
./build/lwip.a(tcpip.o)       ./build/open_esplibs_libnet80211.a(ieee80211_sta.o) (tcpip_input)
./build/lwip.a(dhcp.o)        ./build/open_esplibs_libmain.a(user_interface.o) (dhcp_stop)
./build/lwip.a(init.o)        ./build/lwip.a(tcpip.o) (lwip_init)
./build/lwip.a(memp.o)        ./build/lwip.a(tcpip.o) (memp_sizes)
./build/lwip.a(tcp.o)         ./build/lwip.a(init.o) (tcp_init)
./build/lwip.a(dns.o)         ./build/lwip.a(init.o) (dns_init)
./build/lwip.a(pbuf.o)        ./build/lwip.a(esp_interface.o) (pbuf_free)
./build/lwip.a(netif.o)       ./build/lwip.a(init.o) (netif_init)
./build/lwip.a(stats.o)       ./build/lwip.a(init.o) (stats_init)
./build/lwip.a(timers.o)      ./build/lwip.a(tcpip.o) (sys_timeout)
./build/lwip.a(udp.o)         ./build/lwip.a(init.o) (udp_init)
./build/lwip.a(tcp_out.o)     ./build/lwip.a(tcp.o) (tcp_enqueue_flags)
./build/lwip.a(ip_addr.o)     ./build/lwip.a(udp.o) (ip4_addr_isbroadcast)
./build/lwip.a(ip.o)          ./build/lwip.a(tcp.o) (ip_route)
./build/lwip.a(inet_chksum.o)
                              ./build/lwip.a(udp.o) (inet_chksum_pseudo)
./build/lwip.a(icmp.o)        ./build/lwip.a(ip.o) (icmp_input)
./build/lwip.a(etharp.o)      ./build/lwip.a(timers.o) (etharp_tmr)
./build/lwip.a(sys_arch.o)    ./build/lwip.a(tcpip.o) (sys_mbox_new)
./build/lwip.a(sockets.o)     ./build/lwip.a(init.o) (lwip_socket_init)
./build/lwip.a(raw.o)         ./build/lwip.a(ip.o) (raw_input)
./build/lwip.a(tcp_in.o)      ./build/lwip.a(tcp_out.o) (tcp_input_pcb)
./build/lwip.a(ip_frag.o)     ./build/lwip.a(ip.o) (ip_frag)
./build/lwip.a(netbuf.o)      ./build/lwip.a(sockets.o) (netbuf_delete)
./build/lwip.a(api_lib.o)     ./build/lwip.a(sockets.o) (netconn_new_with_proto_and_callback)
./build/lwip.a(api_msg.o)     ./build/lwip.a(api_lib.o) (do_newconn)
./build/core.a(esp_interrupts.o)
                              ./build/freertos.a(port.o) (_xt_isr_attach)
./build/core.a(app_main.o)    ./build/open_esplibs_libmain.a(user_interface.o) (sdk_user_init_flag)
./build/core.a(sysparam.o)    ./build/core.a(app_main.o) (sysparam_init)
./build/core.a(phy_info.o)    ./build/core.a(app_main.o) (get_default_phy_info)
./build/core.a(esp_hwrand.o)  ./build/core.a(app_main.o) (hwrand)
./build/core.a(debug_dumps.o)
[...]
Memory Configuration

Name             Origin             Length             Attributes
dport0_0_seg     0x000000003ff00000 0x0000000000000010
dram0_0_seg      0x000000003ffe8000 0x0000000000014000
iram1_0_seg      0x0000000040100000 0x0000000000008000
irom0_0_seg      0x0000000040202010 0x00000000000fdff0
*default*        0x0000000000000000 0xffffffffffffffff

Linker script and memory map

LOAD ./build/open_esplibs_libmain.a
LOAD ./build/open_esplibs_libnet80211.a
LOAD ./build/open_esplibs_libphy.a
LOAD ./build/open_esplibs_libpp.a
LOAD ./build/open_esplibs_libwpa.a
START GROUP
LOAD ./build/program.a
LOAD ./build/paho_mqtt_c.a
LOAD ./build/mbedtls.a
LOAD ./build/onewire.a
LOAD ./build/ds18b20.a
LOAD ./build/freertos.a
LOAD ./build/lwip.a
LOAD ./build/core.a
LOAD ./build/open_esplibs.a
LOAD /home/thomas/esp-open-sdk-master/esp-open-sdk/xtensa-lx106-elf/xtensa-lx106-elf/sysroot/usr/lib/libhal.a
LOAD /home/thomas/esp-open-sdk-master/esp-open-sdk/xtensa-lx106-elf/lib/gcc/xtensa-lx106-elf/4.8.5/libgcc.a
LOAD ../../libc/xtensa-lx106-elf/lib/libc.a
LOAD ./build/sdklib/libmain.a
LOAD ./build/sdklib/libnet80211.a
LOAD ./build/sdklib/libphy.a
LOAD ./build/sdklib/libpp.a
LOAD ./build/sdklib/libwpa.a
END GROUP
                0x00000000401062f8                pvPortMalloc = malloc
                0x0000000040106314                vPortFree = free
                0x0000000040100bcc                _lock_acquire = vPortEnterCritical
                0x0000000040100bcc                _lock_acquire_recursive = vPortEnterCritical
                0x0000000040100bcc                _lock_try_acquire = vPortEnterCritical
                0x0000000040100bcc                _lock_try_acquire_recursive = vPortEnterCritical
                0x0000000040100bf4                _lock_release = vPortExitCritical
                0x0000000040100bf4                _lock_release_recursive = vPortExitCritical
                0x0000000040106870                ets_printf = printf
                [!provide]                        PROVIDE (_memmap_vecbase_reset, 0x40000000)
                0x0000000000000110                _memmap_cacheattr_wb_base = 0x110
                0x0000000000000110                _memmap_cacheattr_wt_base = 0x110
                0x0000000000000220                _memmap_cacheattr_bp_base = 0x220
                0x00000000fffff00f                _memmap_cacheattr_unused_mask = 0xfffff00f
                0x000000002222211f                _memmap_cacheattr_wb_trapnull = 0x2222211f
                0x000000002222211f                _memmap_cacheattr_wba_trapnull = 0x2222211f
                0x000000002222211f                _memmap_cacheattr_wbna_trapnull = 0x2222211f
                0x000000002222211f                _memmap_cacheattr_wt_trapnull = 0x2222211f
                0x000000002222222f                _memmap_cacheattr_bp_trapnull = 0x2222222f
                0x00000000fffff11f                _memmap_cacheattr_wb_strict = 0xfffff11f
                0x00000000fffff11f                _memmap_cacheattr_wt_strict = 0xfffff11f
                0x00000000fffff22f                _memmap_cacheattr_bp_strict = 0xfffff22f
                0x0000000022222112                _memmap_cacheattr_wb_allvalid = 0x22222112
                0x0000000022222112                _memmap_cacheattr_wt_allvalid = 0x22222112
                0x0000000022222222                _memmap_cacheattr_bp_allvalid = 0x22222222
                [!provide]                        PROVIDE (_memmap_cacheattr_reset, _memmap_cacheattr_wb_trapnull)

.dport0.rodata  0x000000003ff00000        0x0
                0x000000003ff00000                _dport0_rodata_start = ABSOLUTE (.)
 *(.dport0.rodata)
 *(.dport.rodata)
                0x000000003ff00000                _dport0_rodata_end = ABSOLUTE (.)

.dport0.literal
                0x000000003ff00000        0x0
                0x000000003ff00000                _dport0_literal_start = ABSOLUTE (.)
 *(.dport0.literal)
 *(.dport.literal)
                0x000000003ff00000                _dport0_literal_end = ABSOLUTE (.)

.dport0.data    0x000000003ff00000        0x0
                0x000000003ff00000                _dport0_data_start = ABSOLUTE (.)
 *(.dport0.data)
 *(.dport.data)
                0x000000003ff00000                _dport0_data_end = ABSOLUTE (.)

.text           0x0000000040100000     0x781e
                0x0000000040100000                _stext = .
                0x0000000040100000                _text_start = ABSOLUTE (.)
                0x0000000040100000                . = ALIGN (0x10)
 *(.vecbase.text)
 .vecbase.text  0x0000000040100000      0x3b2 ./build/core.a(exception_vectors.o)
                0x0000000040100000                VecBase
                0x000000004010023c                call_user_start
                0x000000004010039e                _xt_user_exit
 *(.entry.text)
 *(.init.literal)
 *(.init)
 *(.iram1.*)
 *fill*         0x00000000401003b2        0x2 
 .iram1.text    0x00000000401003b4      0x1d9 ./build/open_esplibs_libmain.a(user_interface.o)
                                        0x1e8 (size before relaxing)
                0x00000000401003b8                sdk_system_rtc_mem_write
                0x000000004010041c                sdk_system_rtc_mem_read
                0x000000004010049c                sdk_system_restart_in_nmi
 *fill*         0x000000004010058d        0x3 
 .iram1.text    0x0000000040100590      0x394 ./build/open_esplibs_libmain.a(spi_flash.o)
                                        0x478 (size before relaxing)
                0x00000000401005b4                sdk_SPIReadModeCnfig
                0x0000000040100630                sdk_SPIWrite
                0x00000000401006ec                sdk_SPIRead
                0x000000004010071c                sdk_SPIEraseSector
                0x0000000040100774                sdk_spi_flash_get_id
                0x00000000401007d0                sdk_spi_flash_read_status
                0x0000000040100810                sdk_spi_flash_write_status
                0x000000004010084c                sdk_spi_flash_erase_sector
                0x0000000040100880                sdk_spi_flash_write
                0x00000000401008d0                sdk_spi_flash_read
 .iram1.text    0x0000000040100924      0x12d ./build/open_esplibs_libmain.a(os_cpu_a.o)
                                        0x175 (size before relaxing)
                0x0000000040100928                vPortYield
                0x0000000040100960                sdk__xt_int_enter
                0x0000000040100978                sdk__xt_int_exit
                0x00000000401009a8                sdk__xt_timer_int
                0x00000000401009e4                sdk__xt_timer_int1
                0x00000000401009f8                sdk__xt_tick_timer_init
                0x0000000040100a24                sdk__xt_isr_unmask
                0x0000000040100a34                sdk__xt_isr_mask
                0x0000000040100a44                sdk__xt_read_ints
                0x0000000040100a4c                sdk__xt_clear_ints
 *fill*         0x0000000040100a51        0x3 
 .iram1.text    0x0000000040100a54        0xb ./build/open_esplibs_libmain.a(misc.o)
                0x0000000040100a58                sdk_os_get_cpu_frequency
 *fill*         0x0000000040100a5f        0x1 
 .iram1.text    0x0000000040100a60       0x5e ./build/open_esplibs_libnet80211.a(wl_cnx.o)
                                         0x62 (size before relaxing)
                0x0000000040100a64                sdk_cnx_node_search
 *fill*         0x0000000040100abe        0x2 
 .iram1.text    0x0000000040100ac0       0x5d ./build/open_esplibs_libnet80211.a(ieee80211_input.o)
                0x0000000040100acc                sdk_ieee80211_deliver_data
 *fill*         0x0000000040100b1d        0x3 
 .iram1.text    0x0000000040100b20       0x5c ./build/open_esplibs_libwpa.a(os_xtensa.o)
                                         0x68 (size before relaxing)
                0x0000000040100b20                sdk_os_get_time
                0x0000000040100b24                sdk_os_random
                0x0000000040100b34                sdk_os_get_random
 .iram1.text    0x0000000040100b7c       0xd7 ./build/freertos.a(port.o)
                                         0xff (size before relaxing)
                0x0000000040100b84                SV_ISR
                0x0000000040100bcc                vPortEnterCritical
                0x0000000040100bf4                vPortExitCritical
                0x0000000040100c20                PendSV
 *fill*         0x0000000040100c53        0x1 
 .iram1.text    0x0000000040100c54       0xa1 ./build/core.a(esp_interrupts.o)
                                         0xa5 (size before relaxing)
                0x0000000040100c58                _xt_isr_attach
                0x0000000040100c6c                _xt_isr_handler
 *fill*         0x0000000040100cf5        0x3 
 .iram1.text    0x0000000040100cf8      0x2df ./build/core.a(app_main.o)
                                        0x32f (size before relaxing)
                0x0000000040100d20                vApplicationStackOverflowHook
                0x0000000040100d4c                vApplicationIdleHook
                0x0000000040100d70                vApplicationTickHook
                0x0000000040100de0                sdk_user_start
 *fill*         0x0000000040100fd7        0x1 
 .iram1.text    0x0000000040100fd8       0x90 ./build/core.a(debug_dumps.o)
                                         0xa4 (size before relaxing)
                0x0000000040101028                debug_exception_handler
                0x0000000040101028                fatal_exception_handler
                0x0000000040101048                abort
 .iram1.text    0x0000000040101068       0x67 ./build/core.a(spiflash-cache-enable.o)
                                         0x7b (size before relaxing)
                0x0000000040101078                Cache_Read_Enable
 *fill*         0x00000000401010cf        0x1 
 .iram1.text    0x00000000401010d0      0x367 ./build/core.a(spiflash.o)
                                        0x41b (size before relaxing)
                0x00000000401011f0                spiflash_write
                0x00000000401012d0                spiflash_read
                0x00000000401013c4                spiflash_erase_sector
 *fill*         0x0000000040101437        0x1 
 .iram1.text    0x0000000040101438       0x1b ./build/core.a(sdk_compat.o)
                0x000000004010143c                zalloc
 *fill*         0x0000000040101453        0x1 
 .iram1.text    0x0000000040101454       0x34 ./build/core.a(newlib_syscalls.o)
                0x0000000040101460                _sbrk_r
 .iram1.text    0x0000000040101488       0x26 ./build/core.a(esp_iomux.o)
                0x000000004010148c                gpio_to_iomux
                0x00000000401014a0                iomux_to_gpio
 *fill*         0x00000000401014ae        0x0 
 *fill*         0x00000000401014ae        0x0 
 *fill*         0x00000000401014ae        0x2 
 .iram1.text    0x00000000401014b0       0x3d ./build/open_esplibs_libmain.a(xtensa_context.o)
                0x00000000401014b0                sdk__xt_context_save
                0x00000000401014cc                sdk__xt_context_restore
 *fill*         0x00000000401014ed        0x0 
 *fill*         0x00000000401014ed        0x0 
 *fill*         0x00000000401014ed        0x0 
 *fill*         0x00000000401014ed        0x0 
 *fill*         0x00000000401014ed        0x0 
 *fill*         0x00000000401014ed        0x3 
 .iram1.data    0x00000000401014f0        0x4 ./build/core.a(debug_dumps.o)
 *fill*         0x00000000401014f4        0x0 
 *fill*         0x00000000401014f4        0x0 
 *fill*         0x00000000401014f4        0x0 
 *fill*         0x00000000401014f4        0x0 
 .iram1.data    0x00000000401014f4       0x80 ./build/core.a(esp_iomux.o)
 *sdklib*:*(.literal .text .literal.* .text.*)
 .text          0x0000000040101574       0x90 ./build/sdklib/libmain.a(ets_timer.o)
                                         0xa0 (size before relaxing)
 .text          0x0000000040101604        0xb ./build/sdklib/libnet80211.a(wl_chm.o)
                0x0000000040101608                sdk_chm_get_current_channel
 *fill*         0x000000004010160f        0x1 
 .text          0x0000000040101610       0x4f ./build/sdklib/libphy.a(phy.o)
                                         0x53 (size before relaxing)
                0x0000000040101618                sdk_register_phy_ops
                0x0000000040101638                sdk_phy_change_channel
                0x0000000040101654                sdk_phy_get_mactime
 *fill*         0x000000004010165f        0x1 
 .text          0x0000000040101660       0xf7 ./build/sdklib/libphy.a(phy_sleep.o)
                                        0x103 (size before relaxing)
                0x0000000040101670                sdk_pm_rtc_clock_cali
                0x000000004010172c                sdk_clockgate_watchdog
 *fill*         0x0000000040101757        0x1 
 .text          0x0000000040101758       0x94 ./build/sdklib/libpp.a(esf_buf.o)
                                         0xb4 (size before relaxing)
                0x000000004010175c                sdk_esf_rx_buf_alloc
 .text          0x00000000401017ec     0x14e0 ./build/sdklib/libpp.a(lmac.o)
                                       0x187c (size before relaxing)
                0x00000000401017f0                sdk_lmacIsActive
                0x0000000040101804                sdk_lmacIsIdle
                0x0000000040101c4c                sdk_lmacSetAcParam
                0x0000000040101ce8                sdk_lmacProcessTXStartData
                0x0000000040101e90                sdk_lmacProcessTxSuccess
                0x0000000040101fd8                sdk_GetAccess
                0x0000000040101fe4                sdk_lmacDiscardAgedMSDU
                0x0000000040101ff8                sdk_lmacRecycleMPDU
                0x00000000401024d8                sdk_lmacProcessCollisions
                0x0000000040102534                sdk_lmacProcessCollision
                0x00000000401025b8                sdk_lmacMSDUAged
                0x000000004010293c                sdk_lmacProcessCtsTimeout
                0x0000000040102984                sdk_lmacProcessAckTimeout
                0x00000000401029d8                sdk_lmacProcessRtsStart
                0x00000000401029e4                sdk_lmacProcessTxRtsError
                0x0000000040102a7c                sdk_lmacProcessTxError
                0x0000000040102b00                sdk_lmacTxFrame
                0x0000000040102cb4                sdk_lmacRxDone
 .text          0x0000000040102ccc      0xe6c ./build/sdklib/libpp.a(pp.o)
                                       0x103c (size before relaxing)
                0x0000000040102cfc                sdk_pp_soft_wdt_feed
                0x0000000040102e10                sdk_ppProcessTxQ
                0x0000000040102f00                sdk_ppFetchTxQFirstAvail
                0x0000000040102f40                sdk_ppDequeueTxQ
                0x0000000040102f68                sdk_ppRollBackTxQ
                0x0000000040102f8c                sdk_ppRecordBarRRC
                0x0000000040102f9c                sdk_ppTxqUpdateBitmap
                0x0000000040102fc0                sdk_ppEnqueueTxDone
                0x0000000040102ff4                sdk_ppEnqueueRxq
                0x00000000401037bc                sdk_ppDiscardMPDU
                0x00000000401037ec                sdk_MacIsrSigPostDefHdl
                0x00000000401038e0                sdk_pp_post
                0x00000000401039e4                sdk_ppCalTxop
                0x0000000040103ac8                sdk_ppCalFrameTimes
 .text          0x0000000040103b38       0xf5 ./build/sdklib/libpp.a(rate_control.o)
                                        0x109 (size before relaxing)
                0x0000000040103b58                sdk_RC_GetAckRate
                0x0000000040103b64                sdk_RC_GetRtsRate
                0x0000000040103b74                sdk_RC_GetAckTime
                0x0000000040103b88                sdk_RC_GetCtsTime
                0x0000000040103bc0                sdk_RC_GetBlockAckTime
 *fill*         0x0000000040103c2d        0x3 
 .text          0x0000000040103c30      0x7f9 ./build/sdklib/libpp.a(trc.o)
                                        0x81d (size before relaxing)
                0x0000000040103da8                sdk_rcUpdateTxDone
                0x0000000040103e3c                sdk_rcUpdateRxDone
                0x0000000040103e98                sdk_rcUpdateDataRxDone
                0x0000000040103eb0                sdk_rcGetSched
                0x0000000040103f58                sdk_rcGetRate
                0x000000004010435c                sdk_rcReachRetryLimit
                0x0000000040104374                sdk_trc_NeedRTS
 *fill*         0x0000000040104429        0x3 
 .text          0x000000004010442c     0x114b ./build/sdklib/libpp.a(wdev.o)
                                       0x1473 (size before relaxing)
                0x0000000040104780                sdk_wDev_MacTimSetFunc
                0x00000000401047a0                sdk_wDev_MacTimArm
                0x0000000040104844                sdk_wDev_MacTim1Arm
                0x0000000040104920                sdk_wDev_ProcessFiq
                0x0000000040104cc4                sdk_wDev_EnableTransmit
                0x0000000040104d08                sdk_wDev_DisableTransmit
                0x0000000040104d28                sdk_Tx_Copy2Queue
                0x0000000040104d70                sdk_wDev_ProcessCollision
                0x0000000040104d94                sdk_wDev_GetTxqCollisions
                0x0000000040104da4                sdk_wDev_ClearTxqCollisions
                0x0000000040104dbc                sdk_wDev_SetWaitingQueue
                0x0000000040104e08                sdk_wDev_ClearWaitingQueue
                0x0000000040104e28                sdk_wDev_SetFrameAckType
                0x0000000040104e8c                sdk_wDev_AppendRxBlocks
                0x0000000040105034                sdk_wDev_AppendRxAmpduLensBlocks
                0x000000004010516c                sdk_wDev_GetBAInfo
 *fill*         0x0000000040105577        0x1 
 .text          0x0000000040105578       0x25 ./build/sdklib/libnet80211.a(ieee80211_hostap.o)
 *fill*         0x000000004010559d        0x0 
 *fill*         0x000000004010559d        0x0 
 *fill*         0x000000004010559d        0x3 
 .text          0x00000000401055a0        0x2 ./build/sdklib/libphy.a(phy_chip_v6.o)
                0x00000000401055a0                sdk_ram_tx_mac_disable
 *fill*         0x00000000401055a2        0x0 
 *fill*         0x00000000401055a2        0x0 
 *fill*         0x00000000401055a2        0x0 
 *fill*         0x00000000401055a2        0x0 
 *fill*         0x00000000401055a2        0x2 
 .text          0x00000000401055a4       0x11 ./build/sdklib/libwpa.a(wpa_auth.o)
 *libgcc.a:*i3.o(.literal .text .literal.* .text.*)
 *fill*         0x00000000401055b5        0x3 
 .literal       0x00000000401055b8        0x0 /home/thomas/esp-open-sdk-master/esp-open-sdk/xtensa-lx106-elf/lib/gcc/xtensa-lx106-elf/4.8.5/libgcc.a(_muldi3.o)
                                          0x4 (size before relaxing)
 .literal       0x00000000401055b8        0x0 /home/thomas/esp-open-sdk-master/esp-open-sdk/xtensa-lx106-elf/lib/gcc/xtensa-lx106-elf/4.8.5/libgcc.a(_divdi3.o)
                                         0x48 (size before relaxing)
 .literal       0x00000000401055b8        0x0 /home/thomas/esp-open-sdk-master/esp-open-sdk/xtensa-lx106-elf/lib/gcc/xtensa-lx106-elf/4.8.5/libgcc.a(_udivdi3.o)
                                         0x48 (size before relaxing)
 .literal       0x00000000401055b8        0x0 /home/thomas/esp-open-sdk-master/esp-open-sdk/xtensa-lx106-elf/lib/gcc/xtensa-lx106-elf/4.8.5/libgcc.a(_umoddi3.o)
                                         0x40 (size before relaxing)
 .literal       0x00000000401055b8        0x4 ../../libc/xtensa-lx106-elf/lib/libc.a(lib_a-malloc.o)
                                         0x10 (size before relaxing)
 .literal       0x00000000401055bc        0x8 ../../libc/xtensa-lx106-elf/lib/libc.a(lib_a-nano-mallocr.o)
                                         0x20 (size before relaxing)
 .literal       0x00000000401055c4        0x0 ../../libc/xtensa-lx106-elf/lib/libc.a(lib_a-nano-freer.o)
                                          0xc (size before relaxing)
 .literal       0x00000000401055c4       0x24 ../../libc/xtensa-lx106-elf/lib/libc.a(lib_a-rand.o)
                                         0x58 (size before relaxing)
 .literal       0x00000000401055e8        0x4 ../../libc/xtensa-lx106-elf/lib/libc.a(lib_a-mlock.o)
                                         0x10 (size before relaxing)
 .literal       0x00000000401055ec        0x0 ../../libc/xtensa-lx106-elf/lib/libc.a(lib_a-printf.o)
                                         0x14 (size before relaxing)
 .literal       0x00000000401055ec        0x0 ../../libc/xtensa-lx106-elf/lib/libc.a(lib_a-sprintf.o)
                                         0x14 (size before relaxing)
 .literal       0x00000000401055ec        0x0 ../../libc/xtensa-lx106-elf/lib/libc.a(lib_a-fprintf.o)
                                          0xc (size before relaxing)
 .literal       0x00000000401055ec       0x20 ../../libc/xtensa-lx106-elf/lib/libc.a(lib_a-nano-svfprintf.o)
                                         0x54 (size before relaxing)
 .literal       0x000000004010560c       0x28 ../../libc/xtensa-lx106-elf/lib/libc.a(lib_a-nano-vfprintf.o)
                                         0x60 (size before relaxing)
 .literal       0x0000000040105634        0x0 ../../libc/xtensa-lx106-elf/lib/libc.a(lib_a-snprintf.o)
                                          0xc (size before relaxing)
 .literal       0x0000000040105634       0x34 ../../libc/xtensa-lx106-elf/lib/libc.a(lib_a-findfp.o)
                                         0x80 (size before relaxing)
 .literal       0x0000000040105668        0x8 ../../libc/xtensa-lx106-elf/lib/libc.a(lib_a-fputwc.o)
                                         0x2c (size before relaxing)
 .text          0x0000000040105670       0x36 /home/thomas/esp-open-sdk-master/esp-open-sdk/xtensa-lx106-elf/lib/gcc/xtensa-lx106-elf/4.8.5/libgcc.a(_muldi3.o)
                0x0000000040105670                __muldi3
 *fill*         0x00000000401056a6        0x2 
 .text          0x00000000401056a8      0x3eb /home/thomas/esp-open-sdk-master/esp-open-sdk/xtensa-lx106-elf/lib/gcc/xtensa-lx106-elf/4.8.5/libgcc.a(_divdi3.o)
                                        0x41b (size before relaxing)
                0x00000000401056a8                __divdi3
 *fill*         0x0000000040105a93        0x1 
 .text          0x0000000040105a94      0x38d /home/thomas/esp-open-sdk-master/esp-open-sdk/xtensa-lx106-elf/lib/gcc/xtensa-lx106-elf/4.8.5/libgcc.a(_udivdi3.o)
                                        0x3b5 (size before relaxing)
                0x0000000040105a94                __udivdi3
 *fill*         0x0000000040105e21        0x3 
 .text          0x0000000040105e24      0x33a /home/thomas/esp-open-sdk-master/esp-open-sdk/xtensa-lx106-elf/lib/gcc/xtensa-lx106-elf/4.8.5/libgcc.a(_umoddi3.o)
                                        0x366 (size before relaxing)
                0x0000000040105e24                __umoddi3
 *fill*         0x000000004010615e        0x2 
 .text          0x0000000040106160       0x64 /home/thomas/esp-open-sdk-master/esp-open-sdk/xtensa-lx106-elf/lib/gcc/xtensa-lx106-elf/4.8.5/libgcc.a(_divsi3.o)
                0x0000000040106160                __divsi3
 .text          0x00000000401061c4       0x4c /home/thomas/esp-open-sdk-master/esp-open-sdk/xtensa-lx106-elf/lib/gcc/xtensa-lx106-elf/4.8.5/libgcc.a(_udivsi3.o)
                0x00000000401061c4                __udivsi3
 .text          0x0000000040106210       0x39 /home/thomas/esp-open-sdk-master/esp-open-sdk/xtensa-lx106-elf/lib/gcc/xtensa-lx106-elf/4.8.5/libgcc.a(_umodsi3.o)
                0x0000000040106210                __umodsi3
 *fill*         0x0000000040106249        0x3 
 .text          0x000000004010624c       0x49 /home/thomas/esp-open-sdk-master/esp-open-sdk/xtensa-lx106-elf/lib/gcc/xtensa-lx106-elf/4.8.5/libgcc.a(_modsi3.o)
                0x000000004010624c                __modsi3
 *fill*         0x0000000040106295        0x3 
 .text          0x0000000040106298       0x18 /home/thomas/esp-open-sdk-master/esp-open-sdk/xtensa-lx106-elf/lib/gcc/xtensa-lx106-elf/4.8.5/libgcc.a(_ashrdi3.o)
                0x0000000040106298                __ashrdi3
 *fill*         0x00000000401062b0        0x0 
 *fill*         0x00000000401062b0        0x0 
 *fill*         0x00000000401062b0        0x0 
 *fill*         0x00000000401062b0        0x0 
 .text          0x00000000401062b0       0x48 /home/thomas/esp-open-sdk-master/esp-open-sdk/xtensa-lx106-elf/lib/gcc/xtensa-lx106-elf/4.8.5/libgcc.a(_umulsidi3.o)
                0x00000000401062b0                __umulsidi3
 *libc.a:*malloc.o(.literal .text .literal.* .text.*)
 .text          0x00000000401062f8       0x35 ../../libc/xtensa-lx106-elf/lib/libc.a(lib_a-malloc.o)
                0x00000000401062f8                malloc
                0x0000000040106314                free
 *libc.a:*mallocr.o(.literal .text .literal.* .text.*)
 *fill*         0x000000004010632d        0x3 
 .text          0x0000000040106330       0xed ../../libc/xtensa-lx106-elf/lib/libc.a(lib_a-nano-mallocr.o)
                                         0xf1 (size before relaxing)
                0x0000000040106330                _malloc_r
 *fill*         0x000000004010641d        0x0 
 *libc.a:*freer.o(.literal .text .literal.* .text.*)
 *fill*         0x000000004010641d        0x3 
 .text          0x0000000040106420       0xb1 ../../libc/xtensa-lx106-elf/lib/libc.a(lib_a-nano-freer.o)
                0x0000000040106420                _free_r
 *fill*         0x00000000401064d1        0x0 
 *libc.a:*memcpy.o(.literal .text .literal.* .text.*)
 *fill*         0x00000000401064d1        0x3 
 .text          0x00000000401064d4      0x145 ../../libc/xtensa-lx106-elf/lib/libc.a(lib_a-memcpy.o)
                0x0000000040106518                memcpy
 *libc.a:*memset.o(.literal .text .literal.* .text.*)
 *fill*         0x0000000040106619        0x3 
 .text          0x000000004010661c       0x7c ../../libc/xtensa-lx106-elf/lib/libc.a(lib_a-memset.o)
                0x0000000040106648                memset
 *libc.a:*memcmp.o(.literal .text .literal.* .text.*)
 .text          0x0000000040106698       0x23 ../../libc/xtensa-lx106-elf/lib/libc.a(lib_a-memcmp.o)
                0x0000000040106698                memcmp
 *libc.a:*memmove.o(.literal .text .literal.* .text.*)
 *fill*         0x00000000401066bb        0x1 
 .text          0x00000000401066bc       0x3b ../../libc/xtensa-lx106-elf/lib/libc.a(lib_a-memmove.o)
                0x00000000401066bc                memmove
 *libc.a:*rand.o(.literal .text .literal.* .text.*)
 *fill*         0x00000000401066f7        0x1 
 .text          0x00000000401066f8       0xdd ../../libc/xtensa-lx106-elf/lib/libc.a(lib_a-rand.o)
                                         0xe1 (size before relaxing)
                0x00000000401066f8                srand
                0x000000004010675c                rand
 *fill*         0x00000000401067d5        0x0 
 *libc.a:*bzero.o(.literal .text .literal.* .text.*)
 *fill*         0x00000000401067d5        0x3 
 .text          0x00000000401067d8       0x12 ../../libc/xtensa-lx106-elf/lib/libc.a(lib_a-bzero.o)
                0x00000000401067d8                bzero
 *libc.a:*lock.o(.literal .text .literal.* .text.*)
 *fill*         0x00000000401067ea        0x2 
 .text          0x00000000401067ec       0x2d ../../libc/xtensa-lx106-elf/lib/libc.a(lib_a-mlock.o)
                0x00000000401067ec                __malloc_lock
                0x0000000040106804                __malloc_unlock
 *fill*         0x0000000040106819        0x3 
 .text          0x000000004010681c        0x8 ../../libc/xtensa-lx106-elf/lib/libc.a(lock.o)
                0x000000004010681c                _lock_close_recursive
                0x000000004010681c                __dummy_lock
                0x000000004010681c                _lock_init_recursive
                0x000000004010681c                _lock_close
                0x000000004010681c                _lock_init
                0x0000000040106820                __dummy_lock_try
 *libc.a:*printf.o(.literal .text .literal.* .text.*)
 .text          0x0000000040106824       0x99 ../../libc/xtensa-lx106-elf/lib/libc.a(lib_a-printf.o)
                0x0000000040106824                _printf_r
                0x0000000040106824                _iprintf_r
                0x0000000040106870                printf
                0x0000000040106870                iprintf
 *fill*         0x00000000401068bd        0x3 
 .text          0x00000000401068c0       0xb5 ../../libc/xtensa-lx106-elf/lib/libc.a(lib_a-sprintf.o)
                                         0xb9 (size before relaxing)
                0x00000000401068c0                _siprintf_r
                0x00000000401068c0                _sprintf_r
                0x0000000040106918                sprintf
                0x0000000040106918                siprintf
 *fill*         0x0000000040106975        0x3 
 .text          0x0000000040106978       0x57 ../../libc/xtensa-lx106-elf/lib/libc.a(lib_a-fprintf.o)
                                         0x5b (size before relaxing)
                0x0000000040106978                _fprintf_r
                0x0000000040106978                _fiprintf_r
                0x000000004010699c                fprintf
                0x000000004010699c                fiprintf
 *fill*         0x00000000401069cf        0x1 
 .text          0x00000000401069d0      0x4b1 ../../libc/xtensa-lx106-elf/lib/libc.a(lib_a-nano-svfprintf.o)
                                        0x4b5 (size before relaxing)
                0x00000000401069d0                __ssputs_r
                0x0000000040106ac8                __ssprint_r
                0x0000000040106bfc                _svfprintf_r
                0x0000000040106bfc                _svfiprintf_r
 *fill*         0x0000000040106e81        0x3 
 .text          0x0000000040106e84      0x447 ../../libc/xtensa-lx106-elf/lib/libc.a(lib_a-nano-vfprintf.o)
                                        0x44b (size before relaxing)
                0x0000000040106ebc                __sfputs_r
                0x0000000040106f2c                __sprint_r
                0x0000000040106fbc                _vfiprintf_r
                0x0000000040106fbc                _vfprintf_r
                0x00000000401072a4                vfiprintf
                0x00000000401072a4                vfprintf
 *fill*         0x00000000401072cb        0x1 
 .text          0x00000000401072cc      0x10c ../../libc/xtensa-lx106-elf/lib/libc.a(lib_a-snprintf.o)
                0x00000000401072cc                _sniprintf_r
                0x00000000401072cc                _snprintf_r
                0x0000000040107350                snprintf
                0x0000000040107350                sniprintf
 *fill*         0x00000000401073d8        0x0 
 *fill*         0x00000000401073d8        0x0 
 *fill*         0x00000000401073d8        0x0 
 *fill*         0x00000000401073d8        0x0 
 *fill*         0x00000000401073d8        0x0 
 *fill*         0x00000000401073d8        0x0 
 *libc.a:*findfp.o(.literal .text .literal.* .text.*)
 .text          0x00000000401073d8      0x2ae ../../libc/xtensa-lx106-elf/lib/libc.a(lib_a-findfp.o)
                                        0x2c6 (size before relaxing)
                0x00000000401073d8                _cleanup_r
                0x0000000040107474                __sfmoreglue
                0x00000000401074b8                _cleanup
                0x00000000401074cc                __sfp_lock_acquire
                0x00000000401074e4                __sfp_lock_release
                0x00000000401074fc                __sinit_lock_acquire
                0x0000000040107514                __sinit_lock_release
                0x000000004010752c                __sinit
                0x000000004010759c                __sfp
                0x0000000040107648                __fp_lock_all
                0x0000000040107668                __fp_unlock_all
 *libc.a:*fputwc.o(.literal .text .literal.* .text.*)
 *fill*         0x0000000040107686        0x2 
 .text          0x0000000040107688      0x196 ../../libc/xtensa-lx106-elf/lib/libc.a(lib_a-fputwc.o)
                                        0x19e (size before relaxing)
                0x0000000040107688                __fputwc
                0x0000000040107758                _fputwc_r
                0x00000000401077c8                fputwc
 *fill*         0x000000004010781e        0x0 
 *(.stub .gnu.warning .gnu.linkonce.literal.* .gnu.linkonce.t.*.literal .gnu.linkonce.t.*)
 *(.fini.literal)
 *(.fini)
 *(.gnu.version)
                0x000000004010781e                _text_end = ABSOLUTE (.)
                0x000000004010781e                _etext = .

.data           0x000000003ffe8000      0x8c4
                0x000000003ffe8000                _data_start = ABSOLUTE (.)
 *(.data)
 .data          0x000000003ffe8000        0x8 ./build/core.a(spiflash-cache-enable.o)
                0x000000003ffe8000                rboot_megabyte
 .data          0x000000003ffe8008       0xf4 ../../libc/xtensa-lx106-elf/lib/libc.a(lib_a-impure.o)
                0x000000003ffe8008                _impure_ptr
 .data          0x000000003ffe80fc        0x4 ../../libc/xtensa-lx106-elf/lib/libc.a(lib_a-ctype_.o)
                0x000000003ffe80fc                __ctype_ptr__
 .data          0x000000003ffe8100       0x7c ../../libc/xtensa-lx106-elf/lib/libc.a(lib_a-locale.o)
                0x000000003ffe8178                __mb_cur_max
 .data          0x000000003ffe817c        0x4 ../../libc/xtensa-lx106-elf/lib/libc.a(lib_a-wctomb_r.o)
                0x000000003ffe817c                __wctomb
 .data          0x000000003ffe8180        0x1 ./build/sdklib/libmain.a(user_interface.o)
 *fill*         0x000000003ffe8181        0x3 
 .data          0x000000003ffe8184      0x1a8 ./build/sdklib/libnet80211.a(ieee80211_phy.o)
 *fill*         0x000000003ffe832c        0x4 
 .data          0x000000003ffe8330        0x6 ./build/sdklib/libnet80211.a(ieee80211_proto.o)
                0x000000003ffe8330                sdk_ieee80211_addr_bcast
 *fill*         0x000000003ffe8336        0x2 
 .data          0x000000003ffe8338       0x1c ./build/sdklib/libnet80211.a(ieee80211_action.o)
 *fill*         0x000000003ffe8354        0xc 
 .data          0x000000003ffe8360       0x53 ./build/sdklib/libphy.a(phy_chip_v6.o)
                0x000000003ffe8362                sdk_tx_rf_ana_gain
                0x000000003ffe8384                sdk_tx_pwctrl_atten_init_en
                0x000000003ffe8390                sdk_rx_gain_swp
                0x000000003ffe83b0                sdk_test_rffreq_txcap
 *fill*         0x000000003ffe83b3        0xd 
 .data          0x000000003ffe83c0       0x90 ./build/sdklib/libphy.a(phy_chip_v6_cal.o)
                0x000000003ffe83c0                sdk_dpd_index
                0x000000003ffe8420                sdk_dpd_db2linear
 .data          0x000000003ffe8450        0x4 ./build/sdklib/libphy.a(phy_sleep.o)
                0x000000003ffe8450                sdk_chip_version
 .data          0x000000003ffe8454      0x11c ./build/sdklib/libphy.a(phy_chip_v5_romfunc.o)
                0x000000003ffe8454                sdk_g_phyFuns
                0x000000003ffe8458                sdk_g_phyFuns_instance
 .data          0x000000003ffe8570        0x7 ./build/sdklib/libphy.a(phy_chip_v5_cal_romfunc.o)
 *fill*         0x000000003ffe8577        0x1 
 .data          0x000000003ffe8578        0x1 ./build/sdklib/libpp.a(pm.o)
 *fill*         0x000000003ffe8579        0x3 
 .data          0x000000003ffe857c       0x10 ./build/sdklib/libpp.a(pp.o)
                0x000000003ffe857c                sdk_NoiseTimerInterval
                0x000000003ffe8584                sdk_sleep_start_wait_time
 *fill*         0x000000003ffe858c        0x4 
 .data          0x000000003ffe8590       0x40 ./build/sdklib/libpp.a(rate_control.o)
 .data          0x000000003ffe85d0      0x22c ./build/sdklib/libpp.a(trc.o)
 *fill*         0x000000003ffe87fc        0x4 
 .data          0x000000003ffe8800       0x10 ./build/sdklib/libpp.a(wdev.o)
 .data          0x000000003ffe8810       0x18 ./build/sdklib/libnet80211.a(ieee80211_crypto_ccmp.o)
                0x000000003ffe8810                sdk_ccmp
 .data          0x000000003ffe8828       0x18 ./build/sdklib/libnet80211.a(ieee80211_crypto_tkip.o)
                0x000000003ffe8828                sdk_tkip
 .data          0x000000003ffe8840       0x18 ./build/sdklib/libnet80211.a(ieee80211_crypto_wep.o)
                0x000000003ffe8840                sdk_wep
 *(.data.*)
 .data.sdk_dhcpc_flag
                0x000000003ffe8858        0x4 ./build/open_esplibs_libmain.a(user_interface.o)
                0x000000003ffe8858                sdk_dhcpc_flag
 .data.sdk_flashchip
                0x000000003ffe885c       0x18 ./build/open_esplibs_libmain.a(spi_flash.o)
                0x000000003ffe885c                sdk_flashchip
 .data.cpu_freq
                0x000000003ffe8874        0x4 ./build/open_esplibs_libmain.a(misc.o)
 .data.xid$3738
                0x000000003ffe8878        0x4 ./build/lwip.a(dhcp.o)
 .data.iss$4763
                0x000000003ffe887c        0x4 ./build/lwip.a(tcp.o)
 .data.tcp_port
                0x000000003ffe8880        0x2 ./build/lwip.a(tcp.o)
 .data.udp_port
                0x000000003ffe8882        0x2 ./build/lwip.a(udp.o)
 .data.ca_cert  0x000000003ffe8884        0x4 ./build/program.a(ca_cert.o)
                0x000000003ffe8884                ca_cert
 .data.pers     0x000000003ffe8888        0x4 ./build/program.a(ssl_connection.o)
                0x000000003ffe8888                pers
 .data.client_key
                0x000000003ffe888c        0x4 ./build/program.a(client_config.o)
                0x000000003ffe888c                client_key
 .data.client_cert
                0x000000003ffe8890        0x4 ./build/program.a(client_config.o)
                0x000000003ffe8890                client_cert
 .data.client_endpoint
                0x000000003ffe8894        0x4 ./build/program.a(client_config.o)
                0x000000003ffe8894                client_endpoint
 .data.ssl_preset_suiteb_curves
                0x000000003ffe8898        0xc ./build/mbedtls.a(ssl_tls.o)
 .data.ssl_preset_suiteb_hashes
                0x000000003ffe88a4        0xc ./build/mbedtls.a(ssl_tls.o)
 .data.ssl_preset_suiteb_ciphersuites
                0x000000003ffe88b0        0xc ./build/mbedtls.a(ssl_tls.o)
 .data.one$2100
                0x000000003ffe88bc        0x4 ./build/mbedtls.a(ecp_curves.o)
 .data.current_stdout_write_r
                0x000000003ffe88c0        0x4 ./build/core.a(newlib_syscalls.o)
 *(.gnu.linkonce.d.*)
 *(.data1)
 *(.sdata)
 *(.sdata.*)
 *(.gnu.linkonce.s.*)
 *(.sdata2)
 *(.sdata2.*)
 *(.gnu.linkonce.s2.*)
 *(.jcr)
                0x000000003ffe88c4                _data_end = ABSOLUTE (.)

.rodata         0x000000003ffe88c8      0x7cc
                0x000000003ffe88c8                _rodata_start = ABSOLUTE (.)
 *core.a:*(.rodata.* .rodata)
 .rodata.str1.4
                0x000000003ffe88c8      0x19f ./build/core.a(app_main.o)
 *fill*         0x000000003ffe8a67        0x1 
 .rodata.CSWTCH$28
                0x000000003ffe8a68       0x10 ./build/core.a(app_main.o)
 .rodata.CSWTCH$27
                0x000000003ffe8a78       0x40 ./build/core.a(app_main.o)
 .rodata.str1.4
                0x000000003ffe8ab8      0x1cc ./build/core.a(debug_dumps.o)
 .rodata        0x000000003ffe8c84       0x1c ./build/core.a(exception_vectors.o)
 *libc.a:*.o(.rodata.* .rodata)
 .rodata        0x000000003ffe8ca0        0x4 ../../libc/xtensa-lx106-elf/lib/libc.a(lib_a-impure.o)
                0x000000003ffe8ca0                _global_impure_ptr
 .rodata.str1.1
                0x000000003ffe8ca4        0x2 ../../libc/xtensa-lx106-elf/lib/libc.a(lib_a-impure.o)
 .rodata.str1.1
                0x000000003ffe8ca6       0x21 ../../libc/xtensa-lx106-elf/lib/libc.a(lib_a-mstats.o)
 .rodata.str1.1
                0x000000003ffe8cc7       0x4b ../../libc/xtensa-lx106-elf/lib/libc.a(lib_a-nano-mallstatsr.o)
 .rodata.str1.1
                0x000000003ffe8d12       0x12 ../../libc/xtensa-lx106-elf/lib/libc.a(lib_a-nano-vfprintf_float.o)
 .rodata.str1.1
                0x000000003ffe8d24       0x22 ../../libc/xtensa-lx106-elf/lib/libc.a(lib_a-nano-vfprintf_i.o)
 .rodata.str1.1
                0x000000003ffe8d46        0x5 ../../libc/xtensa-lx106-elf/lib/libc.a(lib_a-nano-vfscanf_float.o)
 .rodata.str1.1
                0x000000003ffe8d4b        0x5 ../../libc/xtensa-lx106-elf/lib/libc.a(lib_a-puts.o)
                                          0x2 (size before relaxing)
 .rodata.str1.1
                0x000000003ffe8d4b        0x5 ../../libc/xtensa-lx106-elf/lib/libc.a(lib_a-strtod.o)
                                          0xc (size before relaxing)
 *fill*         0x000000003ffe8d4b        0x5 
 .rodata        0x000000003ffe8d50       0x70 ../../libc/xtensa-lx106-elf/lib/libc.a(lib_a-strtod.o)
 .rodata        0x000000003ffe8dc0      0x101 ../../libc/xtensa-lx106-elf/lib/libc.a(lib_a-ctype_.o)
                0x000000003ffe8dc0                _ctype_
 .rodata.str1.1
                0x000000003ffe8ec1        0xd ../../libc/xtensa-lx106-elf/lib/libc.a(lib_a-dtoa.o)
                                          0xf (size before relaxing)
 *fill*         0x000000003ffe8ece        0x2 
 .rodata        0x000000003ffe8ed0       0x60 ../../libc/xtensa-lx106-elf/lib/libc.a(lib_a-findfp.o)
                0x000000003ffe8ed0                __sf_fake_stderr
                0x000000003ffe8ef0                __sf_fake_stdout
                0x000000003ffe8f10                __sf_fake_stdin
 .rodata.str1.1
                0x000000003ffe8f30        0x8 ../../libc/xtensa-lx106-elf/lib/libc.a(lib_a-locale.o)
                                          0xb (size before relaxing)
 .rodata        0x000000003ffe8f38      0x128 ../../libc/xtensa-lx106-elf/lib/libc.a(lib_a-mprec.o)
                0x000000003ffe8f48                __mprec_tinytens
                0x000000003ffe8f70                __mprec_bigtens
                0x000000003ffe8f98                __mprec_tens
 .rodata.str1.1
                0x000000003ffe9060       0x11 ../../libc/xtensa-lx106-elf/lib/libc.a(lib_a-nano-svfprintf.o)
 .rodata.str1.1
                0x000000003ffe9071       0x11 ../../libc/xtensa-lx106-elf/lib/libc.a(lib_a-nano-vfprintf.o)
 *freertos.a:*(.rodata.* .rodata)
 *fill*         0x000000003ffe9071        0x3 
 .rodata.str1.4
                0x000000003ffe9074        0x5 ./build/freertos.a(tasks.o)
 *fill*         0x000000003ffe9079        0x3 
 .rodata.str1.4
                0x000000003ffe907c        0x8 ./build/freertos.a(timers.o)
 *libmain.a:spi_flash.o(.rodata.* .rodata)
 *libpp.a:wdev.o(.rodata.* .rodata)
 .rodata.str1.4
                0x000000003ffe9084       0x10 ./build/sdklib/libpp.a(wdev.o)
                                          0xf (size before relaxing)
                0x000000003ffe9094                _rodata_end = ABSOLUTE (.)

.bss            0x000000003ffe9098     0x8438
                0x000000003ffe9098                . = ALIGN (0x8)
                0x000000003ffe9098                _bss_start = ABSOLUTE (.)
 *(.dynsbss)
 *(.sbss)
 *(.sbss.*)
 *(.gnu.linkonce.sb.*)
 *(.scommon)
 *(.sbss2)
 *(.sbss2.*)
 *(.gnu.linkonce.sb2.*)
 *(.dynbss)
 *(.bss)
 *fill*         0x000000003ffe9098        0x8 
 .bss           0x000000003ffe90a0      0x228 ./build/core.a(exception_vectors.o)
                0x000000003ffe92b4                debug_saved_ctx
 .bss           0x000000003ffe92c8       0x28 ../../libc/xtensa-lx106-elf/lib/libc.a(lib_a-nano-mallinfor.o)
                0x000000003ffe92c8                __malloc_current_mallinfo
 .bss           0x000000003ffe92f0        0x8 ../../libc/xtensa-lx106-elf/lib/libc.a(lib_a-nano-mallocr.o)
                0x000000003ffe92f0                __malloc_sbrk_start
                0x000000003ffe92f4                __malloc_free_list
 .bss           0x000000003ffe92f8        0x8 ../../libc/xtensa-lx106-elf/lib/libc.a(lib_a-findfp.o)
 .bss           0x000000003ffe9300        0x4 ../../libc/xtensa-lx106-elf/lib/libc.a(lib_a-mlock.o)
 *fill*         0x000000003ffe9304        0xc 
 .bss           0x000000003ffe9310       0x40 ./build/sdklib/libmain.a(ets_timer.o)
                0x000000003ffe9318                sdk_debug_timer
                0x000000003ffe931c                sdk_debug_timerfn
 .bss           0x000000003ffe9350      0x131 ./build/sdklib/libmain.a(user_interface.o)
 *fill*         0x000000003ffe9481        0x3 
 .bss           0x000000003ffe9484      0x54c ./build/sdklib/libnet80211.a(ieee80211.o)
                0x000000003ffe9484                sdk_g_ic
                0x000000003ffe99cc                sdk_xieee80211Queue
 .bss           0x000000003ffe99d0       0x28 ./build/sdklib/libnet80211.a(ieee80211_hostap.o)
                0x000000003ffe99f0                sdk_TmpSTAAPCloseAP
                0x000000003ffe99f1                sdk_PendFreeBcnEb
 .bss           0x000000003ffe99f8       0xe4 ./build/sdklib/libnet80211.a(ieee80211_scan.o)
                0x000000003ffe99f8                sdk_gScanStruct
                0x000000003ffe9abc                sdk_auth_type
                0x000000003ffe9abe                sdk_scannum
 .bss           0x000000003ffe9adc       0x44 ./build/sdklib/libnet80211.a(wl_chm.o)
 .bss           0x000000003ffe9b20      0x780 ./build/sdklib/libnet80211.a(wl_cnx.o)
 .bss           0x000000003ffea2a0        0x4 ./build/sdklib/libphy.a(phy.o)
 *fill*         0x000000003ffea2a4        0xc 
 .bss           0x000000003ffea2b0      0x38b ./build/sdklib/libphy.a(phy_chip_v6.o)
                0x000000003ffea2b0                sdk_rxiq_compute_num
                0x000000003ffea2b4                sdk_rxdc_init_flag
                0x000000003ffea2b8                sdk_check_result
                0x000000003ffea2bc                sdk_chip6_sleep_params
                0x000000003ffea494                sdk_chip6_phy_init_ctrl
                0x000000003ffea502                sdk_phy_freq_offset
                0x000000003ffea504                sdk_do_pwctrl_flag
                0x000000003ffea505                sdk_pwctrl_debug
                0x000000003ffea506                sdk_txbk_dpdby_flag
                0x000000003ffea508                sdk_sw_scan_mode
                0x000000003ffea51c                sdk_periodic_cal_dc_num
                0x000000003ffea520                sdk_periodic_cal_flag
                0x000000003ffea521                sdk_bbpll_cal_flag
                0x000000003ffea522                sdk_deep_sleep_en
                0x000000003ffea528                sdk_noise_array
                0x000000003ffea630                sdk_tx_pwctrl_atten_init
 *fill*         0x000000003ffea63b        0x1 
 .bss           0x000000003ffea63c        0x6 ./build/sdklib/libphy.a(phy_chip_v6_cal.o)
                0x000000003ffea63c                sdk_loop_pwctrl_pwdet_error_accum_high_power
                0x000000003ffea63e                sdk_tx_pwctrl_pk_num
                0x000000003ffea63f                sdk_loop_pwctrl_correct_atten_high_power
                0x000000003ffea640                sdk_tx_pwctrl_set_chan_flag
                0x000000003ffea641                sdk_rxiq_cover_fail_num
 *fill*         0x000000003ffea642        0x2 
 .bss           0x000000003ffea644        0x4 ./build/sdklib/libphy.a(phy_sleep.o)
                0x000000003ffea644                sdk_periodic_cal_sat
                0x000000003ffea645                sdk_software_slp_reject
                0x000000003ffea646                sdk_SDIO_slp_reject
                0x000000003ffea647                sdk_hardware_reject
 *fill*         0x000000003ffea648        0x8 
 .bss           0x000000003ffea650     0x11e8 ./build/sdklib/libpp.a(esf_buf.o)
 *fill*         0x000000003ffeb838        0x8 
 .bss           0x000000003ffeb840       0x30 ./build/sdklib/libpp.a(if_hwctrl.o)
                0x000000003ffeb840                sdk_interface_mask
                0x000000003ffeb850                sdk_if_ctrl
 .bss           0x000000003ffeb870      0x150 ./build/sdklib/libpp.a(lmac.o)
                0x000000003ffeb874                sdk_lmacConfMib
 .bss           0x000000003ffeb9c0      0x149 ./build/sdklib/libpp.a(pm.o)
 *fill*         0x000000003ffebb09        0x7 
 .bss           0x000000003ffebb10      0x352 ./build/sdklib/libpp.a(pp.o)
                0x000000003ffebb38                sdk_pend_flag_noise_check
                0x000000003ffebb40                sdk_pend_flag_periodic_cal
                0x000000003ffebb64                sdk_dbg_stop_sw_wdt
                0x000000003ffebb65                sdk_dbg_stop_hw_wdt
 *fill*         0x000000003ffebe62        0xe 
 .bss           0x000000003ffebe70      0x100 ./build/sdklib/libpp.a(rate_control.o)
 .bss           0x000000003ffebf70      0x268 ./build/sdklib/libpp.a(trc.o)
 *fill*         0x000000003ffec1d8        0x8 
 .bss           0x000000003ffec1e0     0x4721 ./build/sdklib/libpp.a(wdev.o)
                0x000000003ffec1e0                sdk_wDevCtrl
                0x000000003ffec384                sdk_NMIIrqIsOn
                0x000000003ffec388                sdk_WdevTimOffSet
 *fill*         0x000000003fff0901        0xf 
 .bss           0x000000003fff0910      0x27a ./build/sdklib/libwpa.a(wpa.o)
 *fill*         0x000000003fff0b8a        0x6 
 .bss           0x000000003fff0b90       0xb0 ./build/sdklib/libwpa.a(aes-internal-dec.o)
 .bss           0x000000003fff0c40        0x8 ./build/sdklib/libnet80211.a(ieee80211_crypto_tkip.o)
 *(.bss.*)
 .bss.armed_timer_count
                0x000000003fff0c48        0x1 ./build/open_esplibs_libmain.a(timers.o)
 *fill*         0x000000003fff0c49        0x3 
 .bss.timer_list
                0x000000003fff0c4c        0x4 ./build/open_esplibs_libmain.a(timers.o)
 .bss.uxSchedulerSuspended
                0x000000003fff0c50        0x4 ./build/freertos.a(tasks.o)
 .bss.xIdleTaskHandle
                0x000000003fff0c54        0x4 ./build/freertos.a(tasks.o)
 .bss.xNextTaskUnblockTime
                0x000000003fff0c58        0x4 ./build/freertos.a(tasks.o)
 .bss.uxTaskNumber
                0x000000003fff0c5c        0x4 ./build/freertos.a(tasks.o)
 .bss.xNumOfOverflows
                0x000000003fff0c60        0x4 ./build/freertos.a(tasks.o)
 .bss.xYieldPending
                0x000000003fff0c64        0x4 ./build/freertos.a(tasks.o)
 .bss.uxPendedTicks
                0x000000003fff0c68        0x4 ./build/freertos.a(tasks.o)
 .bss.xSchedulerRunning
                0x000000003fff0c6c        0x4 ./build/freertos.a(tasks.o)
 .bss.uxTopReadyPriority
                0x000000003fff0c70        0x4 ./build/freertos.a(tasks.o)
 .bss.xTickCount
                0x000000003fff0c74        0x4 ./build/freertos.a(tasks.o)
 .bss.uxCurrentNumberOfTasks
                0x000000003fff0c78        0x4 ./build/freertos.a(tasks.o)
 .bss.xSuspendedTaskList
                0x000000003fff0c7c       0x14 ./build/freertos.a(tasks.o)
 .bss.uxDeletedTasksWaitingCleanUp
                0x000000003fff0c90        0x4 ./build/freertos.a(tasks.o)
 .bss.xTasksWaitingTermination
                0x000000003fff0c94       0x14 ./build/freertos.a(tasks.o)
 .bss.xPendingReadyList
                0x000000003fff0ca8       0x14 ./build/freertos.a(tasks.o)
 .bss.pxOverflowDelayedTaskList
                0x000000003fff0cbc        0x4 ./build/freertos.a(tasks.o)
 .bss.pxDelayedTaskList
                0x000000003fff0cc0        0x4 ./build/freertos.a(tasks.o)
 .bss.xDelayedTaskList2
                0x000000003fff0cc4       0x14 ./build/freertos.a(tasks.o)
 .bss.xDelayedTaskList1
                0x000000003fff0cd8       0x14 ./build/freertos.a(tasks.o)
 .bss.pxReadyTasksLists
                0x000000003fff0cec      0x12c ./build/freertos.a(tasks.o)
 .bss.pxCurrentTCB
                0x000000003fff0e18        0x4 ./build/freertos.a(tasks.o)
                0x000000003fff0e18                pxCurrentTCB
 .bss.xLastTime$3406
                0x000000003fff0e1c        0x4 ./build/freertos.a(timers.o)
 .bss.xTimerTaskHandle
                0x000000003fff0e20        0x4 ./build/freertos.a(timers.o)
 .bss.xTimerQueue
                0x000000003fff0e24        0x4 ./build/freertos.a(timers.o)
 .bss.pxOverflowTimerList
                0x000000003fff0e28        0x4 ./build/freertos.a(timers.o)
 .bss.pxCurrentTimerList
                0x000000003fff0e2c        0x4 ./build/freertos.a(timers.o)
 .bss.xActiveTimerList2
                0x000000003fff0e30       0x14 ./build/freertos.a(timers.o)
 .bss.xActiveTimerList1
                0x000000003fff0e44       0x14 ./build/freertos.a(timers.o)
 .bss.uxCriticalNesting
                0x000000003fff0e58        0x4 ./build/freertos.a(port.o)
 .bss.pending_maclayer_sv
                0x000000003fff0e5c        0x4 ./build/freertos.a(port.o)
 .bss.pending_soft_sv
                0x000000003fff0e60        0x4 ./build/freertos.a(port.o)
 .bss.mbox      0x000000003fff0e64        0x4 ./build/lwip.a(tcpip.o)
 .bss.tcpip_init_done_arg
                0x000000003fff0e68        0x4 ./build/lwip.a(tcpip.o)
 .bss.tcpip_init_done
                0x000000003fff0e6c        0x4 ./build/lwip.a(tcpip.o)
 .bss.tcp_timer_ctr
                0x000000003fff0e70        0x1 ./build/lwip.a(tcp.o)
 .bss.tcp_timer
                0x000000003fff0e71        0x1 ./build/lwip.a(tcp.o)
 *fill*         0x000000003fff0e72        0x2 
 .bss.dns_payload
                0x000000003fff0e74        0x4 ./build/lwip.a(dns.o)
 .bss.dns_payload_buffer
                0x000000003fff0e78      0x203 ./build/lwip.a(dns.o)
 *fill*         0x000000003fff107b        0x1 
 .bss.dns_servers
                0x000000003fff107c        0x8 ./build/lwip.a(dns.o)
 .bss.dns_table
                0x000000003fff1084       0x98 ./build/lwip.a(dns.o)
 .bss.dns_seqno
                0x000000003fff111c        0x1 ./build/lwip.a(dns.o)
 *fill*         0x000000003fff111d        0x3 
 .bss.dns_pcb   0x000000003fff1120        0x4 ./build/lwip.a(dns.o)
 .bss.netif_num
                0x000000003fff1124        0x1 ./build/lwip.a(netif.o)
 *fill*         0x000000003fff1125        0x3 
 .bss.tcpip_tcp_timer_active
                0x000000003fff1128        0x4 ./build/lwip.a(timers.o)
 .bss.next_timeout
                0x000000003fff112c        0x4 ./build/lwip.a(timers.o)
 .bss.ip_id     0x000000003fff1130        0x2 ./build/lwip.a(ip.o)
 .bss.etharp_cached_entry
                0x000000003fff1132        0x1 ./build/lwip.a(etharp.o)
 *fill*         0x000000003fff1133        0x1 
 .bss.arp_table
                0x000000003fff1134       0xc8 ./build/lwip.a(etharp.o)
 .bss.select_cb_ctr
                0x000000003fff11fc        0x4 ./build/lwip.a(sockets.o)
 .bss.select_cb_list
                0x000000003fff1200        0x4 ./build/lwip.a(sockets.o)
 .bss.sockets   0x000000003fff1204       0x60 ./build/lwip.a(sockets.o)
 .bss.raw_pcbs  0x000000003fff1264        0x4 ./build/lwip.a(raw.o)
 .bss.recv_data
                0x000000003fff1268        0x4 ./build/lwip.a(tcp_in.o)
 .bss.recv_flags
                0x000000003fff126c        0x1 ./build/lwip.a(tcp_in.o)
 *fill*         0x000000003fff126d        0x1 
 .bss.tcplen    0x000000003fff126e        0x2 ./build/lwip.a(tcp_in.o)
 .bss.flags     0x000000003fff1270        0x1 ./build/lwip.a(tcp_in.o)
 *fill*         0x000000003fff1271        0x3 
 .bss.ackno     0x000000003fff1274        0x4 ./build/lwip.a(tcp_in.o)
 .bss.seqno     0x000000003fff1278        0x4 ./build/lwip.a(tcp_in.o)
 .bss.iphdr     0x000000003fff127c        0x4 ./build/lwip.a(tcp_in.o)
 .bss.tcphdr    0x000000003fff1280        0x4 ./build/lwip.a(tcp_in.o)
 .bss.inseg     0x000000003fff1284       0x10 ./build/lwip.a(tcp_in.o)
 .bss._sysparam_info
                0x000000003fff1294       0x18 ./build/core.a(sysparam.o)
 .bss.publish_queue
                0x000000003fff12ac        0x4 ./build/program.a(aws_iot.o)
 .bss.ssl_conn  0x000000003fff12b0        0x4 ./build/program.a(aws_iot.o)
 .bss.ssl_reset
                0x000000003fff12b4        0x4 ./build/program.a(aws_iot.o)
 .bss.wifi_alive
                0x000000003fff12b8        0x4 ./build/program.a(aws_iot.o)
 .bss.bufptr    0x000000003fff12bc        0x4 ./build/paho_mqtt_c.a(MQTTPacket.o)
 .bss.init_done$3303
                0x000000003fff12c0        0x4 ./build/mbedtls.a(ecp.o)
 .bss.ecp_supported_grp_id
                0x000000003fff12c4        0xc ./build/mbedtls.a(ecp.o)
 .bss.heap_end$2142
                0x000000003fff12d0        0x4 ./build/core.a(newlib_syscalls.o)
 *(.gnu.linkonce.b.*)
 *(COMMON)
 COMMON         0x000000003fff12d4       0x28 ./build/open_esplibs_libmain.a(user_interface.o)
                0x000000003fff12d4                sdk_cpu_overclock
                0x000000003fff12d8                sdk_rst_if
                0x000000003fff12f8                sdk_promiscuous_cb
 COMMON         0x000000003fff12fc        0x4 ./build/open_esplibs_libmain.a(misc.o)
                0x000000003fff12fc                sdk__putc1
 COMMON         0x000000003fff1300       0x20 ./build/open_esplibs_libnet80211.a(wl_cnx.o)
                0x000000003fff1300                sdk_sta_con_timer
                0x000000003fff131c                sdk_g_cnx_probe_rc_list_cb
 COMMON         0x000000003fff1320        0xc ./build/freertos.a(port.o)
                0x000000003fff1320                level1_int_disabled
                0x000000003fff1324                cpu_sr
                0x000000003fff1328                xPortSupervisorStackPointer
 COMMON         0x000000003fff132c       0x34 ./build/lwip.a(dhcp.o)
                0x000000003fff132c                dhcp_rx_options_given
                0x000000003fff1338                dhcp_rx_options_val
 COMMON         0x000000003fff1360       0x1c ./build/lwip.a(tcp.o)
                0x000000003fff1360                tcp_active_pcbs_changed
                0x000000003fff1364                tcp_active_pcbs
                0x000000003fff1368                tcp_ticks
                0x000000003fff136c                tcp_listen_pcbs
                0x000000003fff1370                tcp_tmp_pcb
                0x000000003fff1374                tcp_bound_pcbs
                0x000000003fff1378                tcp_tw_pcbs
 COMMON         0x000000003fff137c        0x8 ./build/lwip.a(netif.o)
                0x000000003fff137c                netif_list
                0x000000003fff1380                netif_default
 COMMON         0x000000003fff1384       0xba ./build/lwip.a(stats.o)
                0x000000003fff1384                lwip_stats
 *fill*         0x000000003fff143e        0x2 
 COMMON         0x000000003fff1440        0x4 ./build/lwip.a(udp.o)
                0x000000003fff1440                udp_pcbs
 COMMON         0x000000003fff1444       0x10 ./build/lwip.a(ip.o)
                0x000000003fff1444                current_iphdr_src
                0x000000003fff1448                current_netif
                0x000000003fff144c                current_iphdr_dest
                0x000000003fff1450                current_header
 COMMON         0x000000003fff1454        0x4 ./build/lwip.a(tcp_in.o)
                0x000000003fff1454                tcp_input_pcb
 COMMON         0x000000003fff1458       0x41 ./build/core.a(esp_interrupts.o)
                0x000000003fff1458                isr
                0x000000003fff1498                esp_in_isr
 *fill*         0x000000003fff1499        0x3 
 COMMON         0x000000003fff149c       0x2d ./build/core.a(app_main.o)
                0x000000003fff149c                sdk_info
                0x000000003fff14c0                sdk_xWatchDogTaskHandle
                0x000000003fff14c4                sdk_xUserTaskHandle
                0x000000003fff14c8                sdk_user_init_flag
                0x000000003fff14d0                . = ALIGN (0x8)
 *fill*         0x000000003fff14c9        0x7 
                0x000000003fff14d0                _bss_end = ABSOLUTE (.)
                0x000000003fff14d0                _heap_start = ABSOLUTE (.)

.irom0.text     0x0000000040202010    0x4f998
                0x0000000040202010                _irom0_text_start = ABSOLUTE (.)
 *(.literal .text .literal.* .text.* .rodata .rodata.*)
 .text._check_boot_version
                0x0000000040202010       0x3a ./build/open_esplibs_libmain.a(user_interface.o)
                                         0x3e (size before relaxing)
 *fill*         0x000000004020204a        0x2 
 .text.sdk_system_pp_recycle_rx_pkt
                0x000000004020204c        0xf ./build/open_esplibs_libmain.a(user_interface.o)
                                         0x17 (size before relaxing)
                0x000000004020204c                sdk_system_pp_recycle_rx_pkt
 *fill*         0x000000004020205b        0x1 
 .text.sdk_system_restart
                0x000000004020205c       0x53 ./build/open_esplibs_libmain.a(user_interface.o)
                                         0x7b (size before relaxing)
                0x0000000040202068                sdk_system_restart
 *fill*         0x00000000402020af        0x1 
 .text.sdk_system_get_boot_version
                0x00000000402020b0        0xe ./build/open_esplibs_libmain.a(user_interface.o)
                                         0x12 (size before relaxing)
                0x00000000402020b0                sdk_system_get_boot_version
 *fill*         0x00000000402020be        0x2 
 .text.sdk_system_get_test_result
                0x00000000402020c0       0x22 ./build/open_esplibs_libmain.a(user_interface.o)
                                         0x2e (size before relaxing)
                0x00000000402020c0                sdk_system_get_test_result
 *fill*         0x00000000402020e2        0x2 
 .text.sdk_system_upgrade_userbin_check
                0x00000000402020e4       0x40 ./build/open_esplibs_libmain.a(user_interface.o)
                                         0x44 (size before relaxing)
                0x00000000402020e4                sdk_system_upgrade_userbin_check
 .text.sdk_system_get_userbin_addr
                0x0000000040202124       0x96 ./build/open_esplibs_libmain.a(user_interface.o)
                                         0x9e (size before relaxing)
                0x0000000040202134                sdk_system_get_userbin_addr
 *fill*         0x00000000402021ba        0x2 
 .text.sdk_system_update_cpu_freq
                0x00000000402021bc       0x61 ./build/open_esplibs_libmain.a(user_interface.o)
                                         0x69 (size before relaxing)
                0x00000000402021c0                sdk_system_update_cpu_freq
 *fill*         0x000000004020221d        0x3 
 .text.sdk_system_get_cpu_freq
                0x0000000040202220       0x1a ./build/open_esplibs_libmain.a(user_interface.o)
                0x0000000040202224                sdk_system_get_cpu_freq
 *fill*         0x000000004020223a        0x2 
 .text.sdk_system_overclock
                0x000000004020223c       0x31 ./build/open_esplibs_libmain.a(user_interface.o)
                                         0x3d (size before relaxing)
                0x0000000040202240                sdk_system_overclock
 *fill*         0x000000004020226d        0x3 
 .text.sdk_system_restoreclock
                0x0000000040202270       0x33 ./build/open_esplibs_libmain.a(user_interface.o)
                                         0x43 (size before relaxing)
                0x0000000040202270                sdk_system_restoreclock
 *fill*         0x00000000402022a3        0x1 
 .text.sdk_system_station_got_ip_set
                0x00000000402022a4       0x91 ./build/open_esplibs_libmain.a(user_interface.o)
                                         0xa9 (size before relaxing)
                0x00000000402022b0                sdk_system_station_got_ip_set
 *fill*         0x0000000040202335        0x3 
 .text.sdk_wifi_station_get_connect_status
                0x0000000040202338       0x21 ./build/open_esplibs_libmain.a(user_interface.o)
                                         0x2d (size before relaxing)
                0x0000000040202338                sdk_wifi_station_get_connect_status
 *fill*         0x0000000040202359        0x3 
 .text.sdk_wifi_get_macaddr
                0x000000004020235c       0x67 ./build/open_esplibs_libmain.a(user_interface.o)
                                         0x73 (size before relaxing)
                0x0000000040202364                sdk_wifi_get_macaddr
 *fill*         0x00000000402023c3        0x1 
 .text.sdk_os_update_cpu_frequency
                0x00000000402023c4        0xb ./build/open_esplibs_libmain.a(misc.o)
                0x00000000402023c8                sdk_os_update_cpu_frequency
                0x00000000402023c8                sdk_ets_update_cpu_frequency
 *fill*         0x00000000402023cf        0x1 
 .text.sdk_os_delay_us
                0x00000000402023d0       0x33 ./build/open_esplibs_libmain.a(misc.o)
                                         0x3f (size before relaxing)
                0x00000000402023d0                sdk_os_delay_us
                0x00000000402023d0                sdk_ets_delay_us
 *fill*         0x0000000040202403        0x1 
 .text.sdk_os_install_putc1
                0x0000000040202404        0xb ./build/open_esplibs_libmain.a(misc.o)
                0x0000000040202408                sdk_os_install_putc1
 *fill*         0x000000004020240f        0x1 
 .text.sdk_gpio_output_set
                0x0000000040202410       0x1d ./build/open_esplibs_libmain.a(misc.o)
                0x0000000040202414                sdk_gpio_output_set
 *fill*         0x000000004020242d        0x3 
 .text.sdk_rtc_get_reset_reason
                0x0000000040202430       0x4a ./build/open_esplibs_libmain.a(misc.o)
                0x0000000040202438                sdk_rtc_get_reset_reason
 *fill*         0x000000004020247a        0x2 
 .text.timer_tramp
                0x000000004020247c       0x17 ./build/open_esplibs_libmain.a(timers.o)
                                         0x1f (size before relaxing)
 *fill*         0x0000000040202493        0x1 
 .text.sdk_os_timer_setfn
                0x0000000040202494       0xac ./build/open_esplibs_libmain.a(timers.o)
                                         0xb8 (size before relaxing)
                0x00000000402024a4                sdk_os_timer_setfn
 .text.sdk_os_timer_arm
                0x0000000040202540       0xac ./build/open_esplibs_libmain.a(timers.o)
                                         0xd4 (size before relaxing)
                0x000000004020254c                sdk_os_timer_arm
 .text.sdk_os_timer_disarm
                0x00000000402025ec       0x27 ./build/open_esplibs_libmain.a(timers.o)
                                         0x37 (size before relaxing)
                0x00000000402025f0                sdk_os_timer_disarm
 *fill*         0x0000000040202613        0x1 
 .text.sdk_sta_status_set
                0x0000000040202614       0x42 ./build/open_esplibs_libnet80211.a(ieee80211_sta.o)
                                         0x46 (size before relaxing)
                0x0000000040202614                sdk_sta_status_set
 *fill*         0x0000000040202656        0x2 
 .text.sdk_wifi_station_start
                0x0000000040202658       0xa7 ./build/open_esplibs_libnet80211.a(ieee80211_sta.o)
                                         0xc3 (size before relaxing)
                0x0000000040202674                sdk_wifi_station_start
 *fill*         0x00000000402026ff        0x1 
 .text.sdk_wifi_station_stop
                0x0000000040202700       0x4b ./build/open_esplibs_libnet80211.a(ieee80211_sta.o)
                                         0x5b (size before relaxing)
                0x0000000040202700                sdk_wifi_station_stop
 *fill*         0x000000004020274b        0x1 
 .text.sdk_wpa_config_assoc_ie
                0x000000004020274c       0x17 ./build/open_esplibs_libwpa.a(wpa_main.o)
                                         0x1b (size before relaxing)
                0x000000004020274c                sdk_wpa_config_assoc_ie
 *fill*         0x0000000040202763        0x1 
 .text.sdk_dhcp_bind_check
                0x0000000040202764       0x22 ./build/open_esplibs_libwpa.a(wpa_main.o)
                                         0x26 (size before relaxing)
                0x0000000040202764                sdk_dhcp_bind_check
 *fill*         0x0000000040202786        0x2 
 .text.wpa_callback2
                0x0000000040202788       0x33 ./build/open_esplibs_libwpa.a(wpa_main.o)
                                         0x47 (size before relaxing)
 *fill*         0x00000000402027bb        0x1 
 .text.wpa_callback1
                0x00000000402027bc       0x1b ./build/open_esplibs_libwpa.a(wpa_main.o)
                                         0x23 (size before relaxing)
 *fill*         0x00000000402027d7        0x1 
 .text.sdk_wpa_config_profile
                0x00000000402027d8       0x49 ./build/open_esplibs_libwpa.a(wpa_main.o)
                                         0x58 (size before relaxing)
                0x00000000402027d8                sdk_wpa_config_profile
 *fill*         0x0000000040202821        0x3 
 .text.sdk_wpa_config_bss
                0x0000000040202824       0x3c ./build/open_esplibs_libwpa.a(wpa_main.o)
                                         0x40 (size before relaxing)
                0x0000000040202824                sdk_wpa_config_bss
 .text.sdk_eagle_auth_done
                0x0000000040202860       0xd7 ./build/open_esplibs_libwpa.a(wpa_main.o)
                                        0x10b (size before relaxing)
                0x0000000040202880                sdk_eagle_auth_done
 *fill*         0x0000000040202937        0x1 
 .text.sdk_wpa_neg_complete
                0x0000000040202938        0xf ./build/open_esplibs_libwpa.a(wpa_main.o)
                                         0x17 (size before relaxing)
                0x0000000040202938                sdk_wpa_neg_complete
 *fill*         0x0000000040202947        0x1 
 .text.sdk_wpa_attach
                0x0000000040202948       0x4f ./build/open_esplibs_libwpa.a(wpa_main.o)
                                         0x5f (size before relaxing)
                0x0000000040202960                sdk_wpa_attach
 *fill*         0x0000000040202997        0x1 
 .text.prvResetNextTaskUnblockTime
                0x0000000040202998       0x35 ./build/freertos.a(tasks.o)
 *fill*         0x00000000402029cd        0x3 
 .text.prvAddCurrentTaskToDelayedList
                0x00000000402029d0       0xa4 ./build/freertos.a(tasks.o)
                                         0xc4 (size before relaxing)
 .text.xTaskCreate
                0x0000000040202a74      0x22a ./build/freertos.a(tasks.o)
                                        0x28a (size before relaxing)
                0x0000000040202ab0                xTaskCreate
 *fill*         0x0000000040202c9e        0x2 
 .text.vTaskDelete
                0x0000000040202ca0       0xb7 ./build/freertos.a(tasks.o)
                                         0xf3 (size before relaxing)
                0x0000000040202ca4                vTaskDelete
 *fill*         0x0000000040202d57        0x1 
 .text.vTaskStartScheduler
                0x0000000040202d58       0x7f ./build/freertos.a(tasks.o)
                                         0x9f (size before relaxing)
                0x0000000040202d70                vTaskStartScheduler
 *fill*         0x0000000040202dd7        0x1 
 .text.vTaskSuspendAll
                0x0000000040202dd8       0x15 ./build/freertos.a(tasks.o)
                0x0000000040202ddc                vTaskSuspendAll
 *fill*         0x0000000040202ded        0x3 
 .text.xTaskGetTickCount
                0x0000000040202df0       0x27 ./build/freertos.a(tasks.o)
                                         0x33 (size before relaxing)
                0x0000000040202df0                xTaskGetTickCount
 *fill*         0x0000000040202e17        0x1 
 .text.xTaskIncrementTick
                0x0000000040202e18      0x170 ./build/freertos.a(tasks.o)
                                        0x1a4 (size before relaxing)
                0x0000000040202e24                xTaskIncrementTick
 .text.xTaskResumeAll
                0x0000000040202f88       0xe9 ./build/freertos.a(tasks.o)
                                        0x13d (size before relaxing)
                0x0000000040202f88                xTaskResumeAll
 *fill*         0x0000000040203071        0x3 
 .text.vTaskDelay
                0x0000000040203074       0x38 ./build/freertos.a(tasks.o)
                                         0x4c (size before relaxing)
                0x0000000040203074                vTaskDelay
 .text.prvIdleTask
                0x00000000402030ac       0x8c ./build/freertos.a(tasks.o)
                                         0xc0 (size before relaxing)
 .text.vTaskSwitchContext
                0x0000000040203138       0xc1 ./build/freertos.a(tasks.o)
                                         0xd5 (size before relaxing)
                0x0000000040203140                vTaskSwitchContext
 *fill*         0x00000000402031f9        0x3 
 .text.vTaskPlaceOnEventList
                0x00000000402031fc       0x29 ./build/freertos.a(tasks.o)
                                         0x39 (size before relaxing)
                0x00000000402031fc                vTaskPlaceOnEventList
 *fill*         0x0000000040203225        0x3 
 .text.vTaskPlaceOnEventListRestricted
                0x0000000040203228       0x33 ./build/freertos.a(tasks.o)
                                         0x43 (size before relaxing)
                0x0000000040203228                vTaskPlaceOnEventListRestricted
 *fill*         0x000000004020325b        0x1 
 .text.xTaskRemoveFromEventList
                0x000000004020325c       0x77 ./build/freertos.a(tasks.o)
                                         0xaf (size before relaxing)
                0x000000004020325c                xTaskRemoveFromEventList
 *fill*         0x00000000402032d3        0x1 
 .text.vTaskSetTimeOutState
                0x00000000402032d4       0x16 ./build/freertos.a(tasks.o)
                                         0x1e (size before relaxing)
                0x00000000402032d4                vTaskSetTimeOutState
 *fill*         0x00000000402032ea        0x2 
 .text.xTaskCheckForTimeOut
                0x00000000402032ec       0x75 ./build/freertos.a(tasks.o)
                                         0x85 (size before relaxing)
                0x00000000402032ec                xTaskCheckForTimeOut
 *fill*         0x0000000040203361        0x3 
 .text.vTaskMissedYield
                0x0000000040203364        0xc ./build/freertos.a(tasks.o)
                                         0x10 (size before relaxing)
                0x0000000040203364                vTaskMissedYield
 .text.uxTaskGetStackHighWaterMark
                0x0000000040203370       0x2c ./build/freertos.a(tasks.o)
                                         0x30 (size before relaxing)
                0x0000000040203370                uxTaskGetStackHighWaterMark
 .text.xTaskGetSchedulerState
                0x000000004020339c       0x1e ./build/freertos.a(tasks.o)
                                         0x26 (size before relaxing)
                0x000000004020339c                xTaskGetSchedulerState
 *fill*         0x00000000402033ba        0x2 
 .text.vTaskPriorityInherit
                0x00000000402033bc       0x94 ./build/freertos.a(tasks.o)
                                         0xa8 (size before relaxing)
                0x00000000402033bc                vTaskPriorityInherit
 .text.xTaskPriorityDisinherit
                0x0000000040203450       0x6b ./build/freertos.a(tasks.o)
                                         0x7b (size before relaxing)
                0x0000000040203450                xTaskPriorityDisinherit
 *fill*         0x00000000402034bb        0x1 
 .text.pvTaskIncrementMutexHeldCount
                0x00000000402034bc       0x1f ./build/freertos.a(tasks.o)
                                         0x23 (size before relaxing)
                0x00000000402034bc                pvTaskIncrementMutexHeldCount
 *fill*         0x00000000402034db        0x1 
 .text.prvCheckForValidListAndQueue
                0x00000000402034dc       0x69 ./build/freertos.a(timers.o)
                                         0x89 (size before relaxing)
 *fill*         0x0000000040203545        0x3 
 .text.prvInsertTimerInActiveList
                0x0000000040203548       0x45 ./build/freertos.a(timers.o)
                                         0x59 (size before relaxing)
 *fill*         0x000000004020358d        0x3 
 .text.xTimerCreateTimerTask
                0x0000000040203590       0x3d ./build/freertos.a(timers.o)
                                         0x4d (size before relaxing)
                0x000000004020359c                xTimerCreateTimerTask
 *fill*         0x00000000402035cd        0x3 
 .text.xTimerCreate
                0x00000000402035d0       0x4d ./build/freertos.a(timers.o)
                                         0x5d (size before relaxing)
                0x00000000402035d0                xTimerCreate
 *fill*         0x000000004020361d        0x3 
 .text.xTimerGenericCommand
                0x0000000040203620       0x67 ./build/freertos.a(timers.o)
                                         0x7f (size before relaxing)
                0x0000000040203620                xTimerGenericCommand
 *fill*         0x0000000040203687        0x1 
 .text.prvSwitchTimerLists
                0x0000000040203688       0x76 ./build/freertos.a(timers.o)
                                         0x8e (size before relaxing)
 *fill*         0x00000000402036fe        0x2 
 .text.prvTimerTask
                0x0000000040203700      0x18b ./build/freertos.a(timers.o)
                                        0x20b (size before relaxing)
 *fill*         0x000000004020388b        0x1 
 .text.pvTimerGetTimerID
                0x000000004020388c       0x23 ./build/freertos.a(timers.o)
                                         0x2b (size before relaxing)
                0x000000004020388c                pvTimerGetTimerID
 *fill*         0x00000000402038af        0x1 
 .text.pxPortInitialiseStack
                0x00000000402038b0       0x37 ./build/freertos.a(port.o)
                0x00000000402038b4                pxPortInitialiseStack
 *fill*         0x00000000402038e7        0x1 
 .text.xPortSysTickHandle
                0x00000000402038e8       0x14 ./build/freertos.a(port.o)
                                         0x23 (size before relaxing)
                0x00000000402038e8                xPortSysTickHandle
 *fill*         0x00000000402038fc        0x0 
 .text.xPortStartScheduler
                0x00000000402038fc       0x72 ./build/freertos.a(port.o)
                                         0x7a (size before relaxing)
                0x0000000040203914                xPortStartScheduler
 *fill*         0x000000004020396e        0x2 
 .text.xPortGetFreeHeapSize
                0x0000000040203970       0x28 ./build/freertos.a(port.o)
                                         0x38 (size before relaxing)
                0x0000000040203970                xPortGetFreeHeapSize
 .text.xTaskGenericCreate
                0x0000000040203998       0x15 ./build/freertos.a(port.o)
                                         0x19 (size before relaxing)
                0x0000000040203998                xTaskGenericCreate
 *fill*         0x00000000402039ad        0x3 
 .text.prvCopyDataToQueue
                0x00000000402039b0       0xa7 ./build/freertos.a(queue.o)
                                         0xb3 (size before relaxing)
 *fill*         0x0000000040203a57        0x1 
 .text.prvCopyDataFromQueue
                0x0000000040203a58       0x2b ./build/freertos.a(queue.o)
                                         0x2f (size before relaxing)
 *fill*         0x0000000040203a83        0x1 
 .text.prvUnlockQueue
                0x0000000040203a84       0xb4 ./build/freertos.a(queue.o)
                                         0xdc (size before relaxing)
 .text.xQueueGenericReset
                0x0000000040203b38       0x7d ./build/freertos.a(queue.o)
                                         0x9d (size before relaxing)
                0x0000000040203b38                xQueueGenericReset
 *fill*         0x0000000040203bb5        0x3 
 .text.xQueueGenericCreate
                0x0000000040203bb8       0x5c ./build/freertos.a(queue.o)
                                         0x68 (size before relaxing)
                0x0000000040203bb8                xQueueGenericCreate
 .text.xQueueGenericSend
                0x0000000040203c14      0x12a ./build/freertos.a(queue.o)
                                        0x19e (size before relaxing)
                0x0000000040203c14                xQueueGenericSend
 *fill*         0x0000000040203d3e        0x2 
 .text.xQueueCreateMutex
                0x0000000040203d40       0x31 ./build/freertos.a(queue.o)
                                         0x3d (size before relaxing)
                0x0000000040203d40                xQueueCreateMutex
 *fill*         0x0000000040203d71        0x3 
 .text.xQueueGenericSendFromISR
                0x0000000040203d74       0x63 ./build/freertos.a(queue.o)
                                         0x73 (size before relaxing)
                0x0000000040203d74                xQueueGenericSendFromISR
 *fill*         0x0000000040203dd7        0x1 
 .text.xQueueGiveFromISR
                0x0000000040203dd8       0x5b ./build/freertos.a(queue.o)
                                         0x5f (size before relaxing)
                0x0000000040203dd8                xQueueGiveFromISR
 *fill*         0x0000000040203e33        0x1 
 .text.xQueueGenericReceive
                0x0000000040203e34      0x184 ./build/freertos.a(queue.o)
                                        0x218 (size before relaxing)
                0x0000000040203e34                xQueueGenericReceive
 .text.xQueueReceiveFromISR
                0x0000000040203fb8       0x6c ./build/freertos.a(queue.o)
                                         0x78 (size before relaxing)
                0x0000000040203fb8                xQueueReceiveFromISR
 .text.uxQueueMessagesWaiting
                0x0000000040204024       0x27 ./build/freertos.a(queue.o)
                                         0x2f (size before relaxing)
                0x0000000040204024                uxQueueMessagesWaiting
 *fill*         0x000000004020404b        0x1 
 .text.vQueueDelete
                0x000000004020404c       0x13 ./build/freertos.a(queue.o)
                                         0x17 (size before relaxing)
                0x000000004020404c                vQueueDelete
 *fill*         0x000000004020405f        0x1 
 .text.vQueueWaitForMessageRestricted
                0x0000000040204060       0x6f ./build/freertos.a(queue.o)
                                         0x7f (size before relaxing)
                0x0000000040204060                vQueueWaitForMessageRestricted
 *fill*         0x00000000402040cf        0x1 
 .text.low_level_output
                0x00000000402040d0       0x38 ./build/lwip.a(esp_interface.o)
                                         0x40 (size before relaxing)
 .text.ethernetif_init
                0x0000000040204108       0x32 ./build/lwip.a(esp_interface.o)
                0x0000000040204110                ethernetif_init
 *fill*         0x000000004020413a        0x2 
 .text.ethernetif_input
                0x000000004020413c       0x53 ./build/lwip.a(esp_interface.o)
                                         0x5a (size before relaxing)
                0x0000000040204144                ethernetif_input
 *fill*         0x000000004020418f        0x1 
 .text.tcpip_thread
                0x0000000040204190       0xc3 ./build/lwip.a(tcpip.o)
                                         0xe7 (size before relaxing)
 *fill*         0x0000000040204253        0x1 
 .text.tcpip_input
                0x0000000040204254       0x6c ./build/lwip.a(tcpip.o)
                                         0x80 (size before relaxing)
                0x0000000040204258                tcpip_input
 .text.tcpip_callback_with_block
                0x00000000402042c0       0x7f ./build/lwip.a(tcpip.o)
                                         0x97 (size before relaxing)
                0x00000000402042c0                tcpip_callback_with_block
 *fill*         0x000000004020433f        0x1 
 .text.tcpip_apimsg
                0x0000000040204340       0x42 ./build/lwip.a(tcpip.o)
                                         0x52 (size before relaxing)
                0x0000000040204340                tcpip_apimsg
 *fill*         0x0000000040204382        0x2 
 .text.tcpip_init
                0x0000000040204384       0x47 ./build/lwip.a(tcpip.o)
                                         0x67 (size before relaxing)
                0x000000004020438c                tcpip_init
 *fill*         0x00000000402043cb        0x1 
 .text.dhcp_create_msg
                0x00000000402043cc      0x1d0 ./build/lwip.a(dhcp.o)
                                        0x1d4 (size before relaxing)
 .text.dhcp_rebind
                0x000000004020459c      0x122 ./build/lwip.a(dhcp.o)
                                        0x13e (size before relaxing)
 *fill*         0x00000000402046be        0x2 
 .text.dhcp_discover
                0x00000000402046c0      0x176 ./build/lwip.a(dhcp.o)
                                        0x19a (size before relaxing)
 *fill*         0x0000000040204836        0x2 
 .text.dhcp_check
                0x0000000040204838       0x3e ./build/lwip.a(dhcp.o)
                                         0x46 (size before relaxing)
 *fill*         0x0000000040204876        0x2 
 .text.dhcp_bind
                0x0000000040204878      0x13d ./build/lwip.a(dhcp.o)
                                        0x165 (size before relaxing)
 *fill*         0x00000000402049b5        0x3 
 .text.dhcp_option_long$isra$3
                0x00000000402049b8       0x57 ./build/lwip.a(dhcp.o)
                                         0x5b (size before relaxing)
 *fill*         0x0000000040204a0f        0x1 
 .text.dhcp_select
                0x0000000040204a10      0x21c ./build/lwip.a(dhcp.o)
                                        0x254 (size before relaxing)
 .text.dhcp_reboot
                0x0000000040204c2c      0x162 ./build/lwip.a(dhcp.o)
                                        0x192 (size before relaxing)
 *fill*         0x0000000040204d8e        0x2 
 .text.dhcp_recv
                0x0000000040204d90      0x57f ./build/lwip.a(dhcp.o)
                                        0x5c7 (size before relaxing)
 *fill*         0x000000004020530f        0x1 
 .text.dhcp_arp_reply
                0x0000000040205310      0x106 ./build/lwip.a(dhcp.o)
                                        0x132 (size before relaxing)
                0x0000000040205310                dhcp_arp_reply
 *fill*         0x0000000040205416        0x2 
 .text.dhcp_renew
                0x0000000040205418      0x11a ./build/lwip.a(dhcp.o)
                                        0x13a (size before relaxing)
                0x0000000040205418                dhcp_renew
 *fill*         0x0000000040205532        0x2 
 .text.dhcp_coarse_tmr
                0x0000000040205534       0x96 ./build/lwip.a(dhcp.o)
                                         0xa1 (size before relaxing)
                0x0000000040205538                dhcp_coarse_tmr
 *fill*         0x00000000402055ca        0x2 
 .text.dhcp_release
                0x00000000402055cc      0x101 ./build/lwip.a(dhcp.o)
                                        0x13d (size before relaxing)
                0x00000000402055cc                dhcp_release
 *fill*         0x00000000402056cd        0x3 
 .text.dhcp_fine_tmr
                0x00000000402056d0       0xdb ./build/lwip.a(dhcp.o)
                                        0x11a (size before relaxing)
                0x00000000402056d0                dhcp_fine_tmr
 *fill*         0x00000000402057ab        0x1 
 .text.dhcp_stop
                0x00000000402057ac       0x3f ./build/lwip.a(dhcp.o)
                                         0x43 (size before relaxing)
                0x00000000402057ac                dhcp_stop
 *fill*         0x00000000402057eb        0x1 
 .text.dhcp_start
                0x00000000402057ec       0xc0 ./build/lwip.a(dhcp.o)
                                         0xfc (size before relaxing)
                0x00000000402057f0                dhcp_start
 .text.lwip_init
                0x00000000402058ac       0x25 ./build/lwip.a(init.o)
                                         0x5d (size before relaxing)
                0x00000000402058ac                lwip_init
 *fill*         0x00000000402058d1        0x3 
 .text.tcp_new_port
                0x00000000402058d4       0x60 ./build/lwip.a(tcp.o)
                                         0x64 (size before relaxing)
 .text.tcp_update_rcv_ann_wnd
                0x0000000040205934       0x46 ./build/lwip.a(tcp.o)
                0x0000000040205938                tcp_update_rcv_ann_wnd
 *fill*         0x000000004020597a        0x2 
 .text.tcp_recved
                0x000000004020597c       0x4a ./build/lwip.a(tcp.o)
                                         0x56 (size before relaxing)
                0x0000000040205980                tcp_recved
 *fill*         0x00000000402059c6        0x2 
 .text.tcp_seg_free
                0x00000000402059c8       0x26 ./build/lwip.a(tcp.o)
                                         0x2e (size before relaxing)
                0x00000000402059c8                tcp_seg_free
 *fill*         0x00000000402059ee        0x2 
 .text.tcp_segs_free
                0x00000000402059f0       0x21 ./build/lwip.a(tcp.o)
                                         0x25 (size before relaxing)
                0x00000000402059f0                tcp_segs_free
 *fill*         0x0000000040205a11        0x3 
 .text.tcp_pcb_purge
                0x0000000040205a14       0x6d ./build/lwip.a(tcp.o)
                                         0x7d (size before relaxing)
                0x0000000040205a14                tcp_pcb_purge
 *fill*         0x0000000040205a81        0x3 
 .text.tcp_slowtmr
                0x0000000040205a84      0x2fb ./build/lwip.a(tcp.o)
                                        0x32b (size before relaxing)
                0x0000000040205aa0                tcp_slowtmr
 *fill*         0x0000000040205d7f        0x1 
 .text.tcp_pcb_remove
                0x0000000040205d80       0x79 ./build/lwip.a(tcp.o)
                                         0x85 (size before relaxing)
                0x0000000040205d84                tcp_pcb_remove
 *fill*         0x0000000040205df9        0x3 
 .text.tcp_close_shutdown
                0x0000000040205dfc      0x197 ./build/lwip.a(tcp.o)
                                        0x1e3 (size before relaxing)
 *fill*         0x0000000040205f93        0x1 
 .text.tcp_close
                0x0000000040205f94       0x27 ./build/lwip.a(tcp.o)
                                         0x2b (size before relaxing)
                0x0000000040205f94                tcp_close
 *fill*         0x0000000040205fbb        0x1 
 .text.tcp_recv_null
                0x0000000040205fbc       0x3d ./build/lwip.a(tcp.o)
                                         0x4d (size before relaxing)
                0x0000000040205fbc                tcp_recv_null
 *fill*         0x0000000040205ff9        0x3 
 .text.tcp_process_refused_data
                0x0000000040205ffc       0x91 ./build/lwip.a(tcp.o)
                                         0x9d (size before relaxing)
                0x0000000040205ffc                tcp_process_refused_data
 *fill*         0x000000004020608d        0x3 
 .text.tcp_fasttmr
                0x0000000040206090       0x87 ./build/lwip.a(tcp.o)
                                         0x9b (size before relaxing)
                0x0000000040206090                tcp_fasttmr
 *fill*         0x0000000040206117        0x1 
 .text.tcp_tmr  0x0000000040206118       0x27 ./build/lwip.a(tcp.o)
                                         0x37 (size before relaxing)
                0x000000004020611c                tcp_tmr
 *fill*         0x000000004020613f        0x1 
 .text.tcp_shutdown
                0x0000000040206140       0x71 ./build/lwip.a(tcp.o)
                                         0x85 (size before relaxing)
                0x0000000040206140                tcp_shutdown
 *fill*         0x00000000402061b1        0x3 
 .text.tcp_abandon
                0x00000000402061b4       0xb7 ./build/lwip.a(tcp.o)
                                         0xdf (size before relaxing)
                0x00000000402061b4                tcp_abandon
 *fill*         0x000000004020626b        0x1 
 .text.tcp_abort
                0x000000004020626c       0x14 ./build/lwip.a(tcp.o)
                                         0x18 (size before relaxing)
                0x000000004020626c                tcp_abort
 .text.tcp_kill_timewait
                0x0000000040206280       0x42 ./build/lwip.a(tcp.o)
                                         0x4e (size before relaxing)
 *fill*         0x00000000402062c2        0x2 
 .text.tcp_alloc
                0x00000000402062c4      0x135 ./build/lwip.a(tcp.o)
                                        0x179 (size before relaxing)
                0x00000000402062d8                tcp_alloc
 *fill*         0x00000000402063f9        0x3 
 .text.tcp_new  0x00000000402063fc       0x14 ./build/lwip.a(tcp.o)